=========================================================================
PacketIn test: duplicate id
=========================================================================

--- PI (Input):
payload: "1"
metadata {
  metadata_id: 1
  value: "4"
}
metadata {
  metadata_id: 1
  value: "4"
}

--- PI is invalid/unsupported:
INVALID_ARGUMENT: Duplicate "packet-in" metadata found with ID 1

=========================================================================
PacketIn test: extra metadata
=========================================================================

--- PI (Input):
payload: "1"
metadata {
  metadata_id: 1
  value: "4"
}
metadata {
  metadata_id: 2
  value: "#"
}
metadata {
  metadata_id: 3
  value: "\0224"
}

--- PI is invalid/unsupported:
NOT_FOUND: Key not found; packet-in metadata with ID 3 not defined

=========================================================================
PacketIn test: missing metadata
=========================================================================

--- PI (Input):
payload: "1"
metadata {
  metadata_id: 1
  value: "4"
}

--- PI is invalid/unsupported:
INVALID_ARGUMENT: "packet-in" metadata "target_egress_port" with ID 2 is missing

=========================================================================
PacketIn test: ok
=========================================================================

--- PD (Input):
payload: "1"
metadata {
  ingress_port: "0x34"
  target_egress_port: "eth-1/2/3"
}

--- IR:
payload: "1"
metadata {
  name: "ingress_port"
  value {
    hex_str: "0x34"
  }
}
metadata {
  name: "target_egress_port"
  value {
    str: "eth-1/2/3"
  }
}

--- PI:
payload: "1"
metadata {
  metadata_id: 1
  value: "4"
}
metadata {
  metadata_id: 2
  value: "eth-1/2/3"
}


=========================================================================
PacketOut test: duplicate id
=========================================================================

--- PI (Input):
payload: "1"
metadata {
  metadata_id: 1
  value: "\001"
}
metadata {
  metadata_id: 1
  value: "\001"
}

--- PI is invalid/unsupported:
INVALID_ARGUMENT: Duplicate "packet-out" metadata found with ID 1

=========================================================================
PacketOut test: missing metadata
=========================================================================

--- PI (Input):
payload: "1"
metadata {
  metadata_id: 1
  value: "\001"
}

--- PI is invalid/unsupported:
INVALID_ARGUMENT: "packet-out" metadata "submit_to_ingress" with ID 2 is missing

=========================================================================
PacketOut test: extra metadata
=========================================================================

--- PI (Input):
payload: "1"
metadata {
  metadata_id: 1
  value: "\000"
}
metadata {
  metadata_id: 2
  value: "\001"
}
metadata {
  metadata_id: 3
  value: "\001"
}

--- PI is invalid/unsupported:
NOT_FOUND: Key not found; packet-out metadata with ID 3 not defined

=========================================================================
PacketOut test: ok
=========================================================================

--- PD (Input):
payload: "1"
metadata {
  egress_port: "eth-1/2/3"
  submit_to_ingress: "0x1"
}

--- IR:
payload: "1"
metadata {
  name: "egress_port"
  value {
    str: "eth-1/2/3"
  }
}
metadata {
  name: "submit_to_ingress"
  value {
    hex_str: "0x1"
  }
}

--- PI:
payload: "1"
metadata {
  metadata_id: 1
  value: "eth-1/2/3"
}
metadata {
  metadata_id: 2
  value: "\001"
}


